Loading source file src\WizardMazeMain.java...
Loading source file src\MazeStructure.java...
Loading source file src\WizardMazeUI.java...
Constructing Javadoc information...
Building index for all the packages and classes...
Standard Doclet version 17.0.7+7-LTS
Building tree for all the packages and classes...
Generating doc\MazeStructure.html...
src\MazeStructure.java:7: warning: no comment
public class MazeStructure {
       ^
src\MazeStructure.java:11: warning: no comment
    public JLabel[][] mazePattern = new JLabel[8][8];
                      ^
src\MazeStructure.java:10: warning: no comment
    public String[][] mazeTiles;
                      ^
src\MazeStructure.java:27: warning: no comment
    public MazeStructure() {
           ^
src\MazeStructure.java:53: warning: no comment
    public void displayMazeTiles(Container pane) {
                ^
Generating doc\WizardMazeMain.html...
src\WizardMazeMain.java:12: warning: no comment
public class WizardMazeMain {
       ^
src\WizardMazeMain.java:13: warning: no comment
	public static void main(String[] args) {
	                   ^
Generating doc\WizardMazeUI.html...
src\WizardMazeUI.java:31: warning: no comment
public class WizardMazeUI {
       ^
src\WizardMazeUI.java:40: warning: no comment
	 public void createAndShowGUI() {
	             ^
src\WizardMazeUI.java:201: warning: no comment
	 public JMenuBar createMenuBar() {
	                 ^
Generating doc\package-summary.html...
Generating doc\package-tree.html...
Generating doc\overview-tree.html...
Building index for all classes...
Generating doc\allclasses-index.html...
Generating doc\allpackages-index.html...
Generating doc\index-all.html...
Generating doc\index.html...
Generating doc\help-doc.html...
10 warnings
