added manifest
adding: Images/(in = 0) (out= 0)(stored 0%)
adding: Images/AE.png(in = 143046) (out= 143091)(deflated 0%)
adding: Images/AN.png(in = 133415) (out= 133460)(deflated 0%)
adding: Images/AS.png(in = 131430) (out= 131475)(deflated 0%)
adding: Images/AW.png(in = 140261) (out= 140306)(deflated 0%)
adding: Images/BG.jpg(in = 855595) (out= 855813)(deflated 0%)
adding: Images/BG.webp(in = 734024) (out= 718226)(deflated 2%)
adding: Images/BG1.png(in = 2787343) (out= 2788122)(deflated 0%)
adding: Images/EW.png(in = 401651) (out= 401776)(deflated 0%)
adding: Images/EWS.png(in = 927488) (out= 927773)(deflated 0%)
adding: Images/LOGO.png(in = 148748) (out= 144083)(deflated 3%)
adding: Images/NE.png(in = 368579) (out= 368694)(deflated 0%)
adding: Images/NEW.png(in = 927392) (out= 927658)(deflated 0%)
adding: Images/NS.png(in = 428954) (out= 429089)(deflated 0%)
adding: Images/NSE.png(in = 949518) (out= 949808)(deflated 0%)
adding: Images/NSEW.png(in = 904964) (out= 905221)(deflated 0%)
adding: Images/NSW.png(in = 945629) (out= 945919)(deflated 0%)
adding: Images/NW.png(in = 291918) (out= 292008)(deflated 0%)
adding: Images/Profs/(in = 0) (out= 0)(stored 0%)
adding: Images/Profs/blue.png(in = 1847) (out= 1852)(deflated 0%)
adding: Images/Profs/brick_NE.png(in = 3563) (out= 3265)(deflated 8%)
adding: Images/Profs/brick_NW.png(in = 3621) (out= 3331)(deflated 8%)
adding: Images/Profs/brick_SE.png(in = 3535) (out= 3225)(deflated 8%)
adding: Images/Profs/brick_SW.png(in = 3547) (out= 3239)(deflated 8%)
adding: Images/Profs/brick_Teast.png(in = 3418) (out= 3130)(deflated 8%)
adding: Images/Profs/brick_Tnorth.png(in = 3492) (out= 3205)(deflated 8%)
adding: Images/Profs/brick_Tsouth.png(in = 3393) (out= 3118)(deflated 8%)
adding: Images/Profs/brick_Twest.png(in = 3485) (out= 3185)(deflated 8%)
adding: Images/Profs/brick_cross.png(in = 3384) (out= 3109)(deflated 8%)
adding: Images/Profs/brick_empty.png(in = 1735) (out= 1409)(deflated 18%)
adding: Images/Profs/brick_full.png(in = 2273) (out= 1958)(deflated 13%)
adding: Images/Profs/gold_1.png(in = 1311) (out= 949)(deflated 27%)
adding: Images/Profs/gold_10.png(in = 1384) (out= 1021)(deflated 26%)
adding: Images/Profs/gold_11.png(in = 1342) (out= 978)(deflated 27%)
adding: Images/Profs/gold_12.png(in = 1397) (out= 1027)(deflated 26%)
adding: Images/Profs/gold_13.png(in = 1405) (out= 1041)(deflated 25%)
adding: Images/Profs/gold_14.png(in = 1383) (out= 1011)(deflated 26%)
adding: Images/Profs/gold_15.png(in = 1373) (out= 1008)(deflated 26%)
adding: Images/Profs/gold_16.png(in = 1414) (out= 1051)(deflated 25%)
adding: Images/Profs/gold_17.png(in = 1397) (out= 1027)(deflated 26%)
adding: Images/Profs/gold_18.png(in = 1422) (out= 1056)(deflated 25%)
adding: Images/Profs/gold_19.png(in = 1408) (out= 1042)(deflated 25%)
adding: Images/Profs/gold_2.png(in = 1366) (out= 999)(deflated 26%)
adding: Images/Profs/gold_20.png(in = 1410) (out= 1044)(deflated 25%)
adding: Images/Profs/gold_25.png(in = 1410) (out= 1047)(deflated 25%)
adding: Images/Profs/gold_3.png(in = 1382) (out= 1013)(deflated 26%)
adding: Images/Profs/gold_4.png(in = 1344) (out= 983)(deflated 26%)
adding: Images/Profs/gold_5.png(in = 1348) (out= 980)(deflated 27%)
adding: Images/Profs/gold_6.png(in = 1384) (out= 1019)(deflated 26%)
adding: Images/Profs/gold_7.png(in = 1371) (out= 999)(deflated 27%)
adding: Images/Profs/gold_8.png(in = 1403) (out= 1039)(deflated 25%)
adding: Images/Profs/gold_9.png(in = 1388) (out= 1018)(deflated 26%)
adding: Images/Profs/green.png(in = 1924) (out= 1929)(deflated 0%)
adding: Images/Profs/green_1.png(in = 1311) (out= 954)(deflated 27%)
adding: Images/Profs/green_10.png(in = 1384) (out= 1023)(deflated 26%)
adding: Images/Profs/green_11.png(in = 1342) (out= 983)(deflated 26%)
adding: Images/Profs/green_12.png(in = 1397) (out= 1036)(deflated 25%)
adding: Images/Profs/green_13.png(in = 1405) (out= 1044)(deflated 25%)
adding: Images/Profs/green_14.png(in = 1383) (out= 1021)(deflated 26%)
adding: Images/Profs/green_15.png(in = 1373) (out= 1017)(deflated 25%)
adding: Images/Profs/green_16.png(in = 1413) (out= 1051)(deflated 25%)
adding: Images/Profs/green_17.png(in = 1398) (out= 1039)(deflated 25%)
adding: Images/Profs/green_18.png(in = 1423) (out= 1064)(deflated 25%)
adding: Images/Profs/green_19.png(in = 1409) (out= 1051)(deflated 25%)
adding: Images/Profs/green_2.png(in = 1367) (out= 1005)(deflated 26%)
adding: Images/Profs/green_20.png(in = 1409) (out= 1051)(deflated 25%)
adding: Images/Profs/green_25.png(in = 1411) (out= 1054)(deflated 25%)
adding: Images/Profs/green_3.png(in = 1383) (out= 1021)(deflated 26%)
adding: Images/Profs/green_4.png(in = 1344) (out= 982)(deflated 26%)
adding: Images/Profs/green_5.png(in = 1347) (out= 988)(deflated 26%)
adding: Images/Profs/green_6.png(in = 1384) (out= 1021)(deflated 26%)
adding: Images/Profs/green_7.png(in = 1371) (out= 1005)(deflated 26%)
adding: Images/Profs/green_8.png(in = 1403) (out= 1042)(deflated 25%)
adding: Images/Profs/green_9.png(in = 1388) (out= 1026)(deflated 26%)
adding: Images/Profs/hallway_horiz.png(in = 3025) (out= 2748)(deflated 9%)
adding: Images/Profs/hallway_vert.png(in = 3067) (out= 2770)(deflated 9%)
adding: Images/Profs/insert down.png(in = 2863) (out= 2868)(deflated 0%)
adding: Images/Profs/insert left.png(in = 2968) (out= 2973)(deflated 0%)
adding: Images/Profs/insert right.png(in = 3020) (out= 3025)(deflated 0%)
adding: Images/Profs/insert up.png(in = 3128) (out= 3133)(deflated 0%)
adding: Images/Profs/red.png(in = 1862) (out= 1867)(deflated 0%)
adding: Images/Profs/yellow.png(in = 1884) (out= 1889)(deflated 0%)
adding: Images/SE.png(in = 279702) (out= 279792)(deflated 0%)
adding: Images/SW.png(in = 280764) (out= 280854)(deflated 0%)
adding: Images/UI.png(in = 4906445) (out= 4907633)(deflated 0%)
adding: Images/Wands.png(in = 37994) (out= 35479)(deflated 6%)
adding: Images/blue.png(in = 1847) (out= 1852)(deflated 0%)
adding: Images/green.png(in = 1924) (out= 1929)(deflated 0%)
adding: Images/green_1.png(in = 1311) (out= 954)(deflated 27%)
adding: Images/green_10.png(in = 1384) (out= 1023)(deflated 26%)
adding: Images/green_11.png(in = 1342) (out= 983)(deflated 26%)
adding: Images/green_12.png(in = 1397) (out= 1036)(deflated 25%)
adding: Images/green_13.png(in = 1405) (out= 1044)(deflated 25%)
adding: Images/green_14.png(in = 1383) (out= 1021)(deflated 26%)
adding: Images/green_15.png(in = 1373) (out= 1017)(deflated 25%)
adding: Images/green_16.png(in = 1413) (out= 1051)(deflated 25%)
adding: Images/green_17.png(in = 1398) (out= 1039)(deflated 25%)
adding: Images/green_18.png(in = 1423) (out= 1064)(deflated 25%)
adding: Images/green_19.png(in = 1409) (out= 1051)(deflated 25%)
adding: Images/green_2.png(in = 1367) (out= 1005)(deflated 26%)
adding: Images/green_20.png(in = 1409) (out= 1051)(deflated 25%)
adding: Images/green_25.png(in = 1411) (out= 1054)(deflated 25%)
adding: Images/green_3.png(in = 1383) (out= 1021)(deflated 26%)
adding: Images/green_4.png(in = 1344) (out= 982)(deflated 26%)
adding: Images/green_5.png(in = 1347) (out= 988)(deflated 26%)
adding: Images/green_6.png(in = 1384) (out= 1021)(deflated 26%)
adding: Images/green_7.png(in = 1371) (out= 1005)(deflated 26%)
adding: Images/green_8.png(in = 1403) (out= 1042)(deflated 25%)
adding: Images/green_9.png(in = 1388) (out= 1026)(deflated 26%)
adding: Images/red.png(in = 1862) (out= 1867)(deflated 0%)
adding: Images/rotator.png(in = 2503) (out= 2508)(deflated 0%)
adding: Images/yellow.png(in = 1884) (out= 1889)(deflated 0%)
adding: MazeStructure.class(in = 5749) (out= 3055)(deflated 46%)
adding: SidePanel.class(in = 3501) (out= 1906)(deflated 45%)
adding: WizardMazeMain$1.class(in = 482) (out= 335)(deflated 30%)
adding: WizardMazeMain.class(in = 451) (out= 312)(deflated 30%)
adding: WizardMazeUI.class(in = 3672) (out= 2108)(deflated 42%)
